Archive member included to satisfy reference by file (symbol)

c:/mbdtoolbox/toolboxes/nxp_mbdtoolbox_s32k1xx/code/tools/gcc-6.3-arm32-eabi/bin/../lib/gcc/arm-none-eabi/6.3.1/thumb/v7e-m/fpv4-sp/hard\libgcc.a(_aeabi_uldivmod.o)
                              lpit_driver.o (__aeabi_uldivmod)
c:/mbdtoolbox/toolboxes/nxp_mbdtoolbox_s32k1xx/code/tools/gcc-6.3-arm32-eabi/bin/../lib/gcc/arm-none-eabi/6.3.1/thumb/v7e-m/fpv4-sp/hard\libgcc.a(_udivmoddi4.o)
                              c:/mbdtoolbox/toolboxes/nxp_mbdtoolbox_s32k1xx/code/tools/gcc-6.3-arm32-eabi/bin/../lib/gcc/arm-none-eabi/6.3.1/thumb/v7e-m/fpv4-sp/hard\libgcc.a(_aeabi_uldivmod.o) (__udivmoddi4)
c:/mbdtoolbox/toolboxes/nxp_mbdtoolbox_s32k1xx/code/tools/gcc-6.3-arm32-eabi/bin/../lib/gcc/arm-none-eabi/6.3.1/thumb/v7e-m/fpv4-sp/hard\libgcc.a(_dvmd_tls.o)
                              c:/mbdtoolbox/toolboxes/nxp_mbdtoolbox_s32k1xx/code/tools/gcc-6.3-arm32-eabi/bin/../lib/gcc/arm-none-eabi/6.3.1/thumb/v7e-m/fpv4-sp/hard\libgcc.a(_aeabi_uldivmod.o) (__aeabi_ldiv0)
C:/MBDToolbox/Toolboxes/NXP_MBDToolbox_S32K1xx/code/tools/gcc-6.3-arm32-eabi/arm-none-eabi/newlib/lib/thumb/v7e-m/fpv4-sp/hard\libc.a(lib_a-exit.o)
                              C:/MBDToolbox/Toolboxes/NXP_MBDToolbox_S32K1xx/code/tools/gcc-6.3-arm32-eabi/arm-none-eabi/newlib/lib/thumb/v7e-m/fpv4-sp/hard/crt0.o (exit)
C:/MBDToolbox/Toolboxes/NXP_MBDToolbox_S32K1xx/code/tools/gcc-6.3-arm32-eabi/arm-none-eabi/newlib/lib/thumb/v7e-m/fpv4-sp/hard\libc.a(lib_a-impure.o)
                              C:/MBDToolbox/Toolboxes/NXP_MBDToolbox_S32K1xx/code/tools/gcc-6.3-arm32-eabi/arm-none-eabi/newlib/lib/thumb/v7e-m/fpv4-sp/hard\libc.a(lib_a-exit.o) (_global_impure_ptr)
C:/MBDToolbox/Toolboxes/NXP_MBDToolbox_S32K1xx/code/tools/gcc-6.3-arm32-eabi/arm-none-eabi/newlib/lib/thumb/v7e-m/fpv4-sp/hard\libc.a(lib_a-init.o)
                              C:/MBDToolbox/Toolboxes/NXP_MBDToolbox_S32K1xx/code/tools/gcc-6.3-arm32-eabi/arm-none-eabi/newlib/lib/thumb/v7e-m/fpv4-sp/hard/crt0.o (__libc_init_array)
C:/MBDToolbox/Toolboxes/NXP_MBDToolbox_S32K1xx/code/tools/gcc-6.3-arm32-eabi/arm-none-eabi/newlib/lib/thumb/v7e-m/fpv4-sp/hard\libc.a(lib_a-memset.o)
                              C:/MBDToolbox/Toolboxes/NXP_MBDToolbox_S32K1xx/code/tools/gcc-6.3-arm32-eabi/arm-none-eabi/newlib/lib/thumb/v7e-m/fpv4-sp/hard/crt0.o (memset)
C:/MBDToolbox/Toolboxes/NXP_MBDToolbox_S32K1xx/code/tools/gcc-6.3-arm32-eabi/arm-none-eabi/newlib/lib/thumb/v7e-m/fpv4-sp/hard\libc.a(lib_a-__call_atexit.o)
                              C:/MBDToolbox/Toolboxes/NXP_MBDToolbox_S32K1xx/code/tools/gcc-6.3-arm32-eabi/arm-none-eabi/newlib/lib/thumb/v7e-m/fpv4-sp/hard\libc.a(lib_a-exit.o) (__call_exitprocs)
C:/MBDToolbox/Toolboxes/NXP_MBDToolbox_S32K1xx/code/tools/gcc-6.3-arm32-eabi/arm-none-eabi/newlib/lib/thumb/v7e-m/fpv4-sp/hard\libc.a(lib_a-fini.o)
                              C:/MBDToolbox/Toolboxes/NXP_MBDToolbox_S32K1xx/code/tools/gcc-6.3-arm32-eabi/arm-none-eabi/newlib/lib/thumb/v7e-m/fpv4-sp/hard\libc.a(lib_a-__call_atexit.o) (__libc_fini_array)
C:/MBDToolbox/Toolboxes/NXP_MBDToolbox_S32K1xx/code/tools/gcc-6.3-arm32-eabi/arm-none-eabi/newlib/lib/thumb/v7e-m/fpv4-sp/hard\libc.a(lib_a-atexit.o)
                              C:/MBDToolbox/Toolboxes/NXP_MBDToolbox_S32K1xx/code/tools/gcc-6.3-arm32-eabi/arm-none-eabi/newlib/lib/thumb/v7e-m/fpv4-sp/hard\libc.a(lib_a-__call_atexit.o) (atexit)
C:/MBDToolbox/Toolboxes/NXP_MBDToolbox_S32K1xx/code/tools/gcc-6.3-arm32-eabi/arm-none-eabi/newlib/lib/thumb/v7e-m/fpv4-sp/hard\libc.a(lib_a-__atexit.o)
                              C:/MBDToolbox/Toolboxes/NXP_MBDToolbox_S32K1xx/code/tools/gcc-6.3-arm32-eabi/arm-none-eabi/newlib/lib/thumb/v7e-m/fpv4-sp/hard\libc.a(lib_a-atexit.o) (__register_exitproc)
C:/MBDToolbox/Toolboxes/NXP_MBDToolbox_S32K1xx/code/tools/gcc-6.3-arm32-eabi/arm-none-eabi/newlib/lib/thumb/v7e-m/fpv4-sp/hard\libnosys.a(_exit.o)
                              C:/MBDToolbox/Toolboxes/NXP_MBDToolbox_S32K1xx/code/tools/gcc-6.3-arm32-eabi/arm-none-eabi/newlib/lib/thumb/v7e-m/fpv4-sp/hard\libc.a(lib_a-exit.o) (_exit)

Allocating common symbols
Common symbol       size              file

two_virtual_wheel_autocode_DW
                    0x24              two_virtual_wheel_autocode.o
g_xtal0ClkFreq      0x4               clock_S32K1xx.o
ftm2DriverState     0x60              mbd_main.o
two_virtual_wheel_autocode_B
                    0x20              two_virtual_wheel_autocode.o
g_RtcClkInFreq      0x4               clock_S32K1xx.o
gPowerManagerState  0x10              power_manager.o
g_TClkFreq          0xc               clock_S32K1xx.o
two_virtual_wheel_autocode_M_
                    0x10              two_virtual_wheel_autocode.o
ftmStateStruct0     0x60              ftm0_pwm_params.o
ftmStateStruct3     0x60              ftm3_pwm_params.o

Discarded input sections

 .text          0x00000000        0x0 c:/mbdtoolbox/toolboxes/nxp_mbdtoolbox_s32k1xx/code/tools/gcc-6.3-arm32-eabi/bin/../lib/gcc/arm-none-eabi/6.3.1/thumb/v7e-m/fpv4-sp/hard/crti.o
 .data          0x00000000        0x0 c:/mbdtoolbox/toolboxes/nxp_mbdtoolbox_s32k1xx/code/tools/gcc-6.3-arm32-eabi/bin/../lib/gcc/arm-none-eabi/6.3.1/thumb/v7e-m/fpv4-sp/hard/crti.o
 .bss           0x00000000        0x0 c:/mbdtoolbox/toolboxes/nxp_mbdtoolbox_s32k1xx/code/tools/gcc-6.3-arm32-eabi/bin/../lib/gcc/arm-none-eabi/6.3.1/thumb/v7e-m/fpv4-sp/hard/crti.o
 .data          0x00000000        0x4 c:/mbdtoolbox/toolboxes/nxp_mbdtoolbox_s32k1xx/code/tools/gcc-6.3-arm32-eabi/bin/../lib/gcc/arm-none-eabi/6.3.1/thumb/v7e-m/fpv4-sp/hard/crtbegin.o
 .text          0x00000000       0x74 C:/MBDToolbox/Toolboxes/NXP_MBDToolbox_S32K1xx/code/tools/gcc-6.3-arm32-eabi/arm-none-eabi/newlib/lib/thumb/v7e-m/fpv4-sp/hard/crt0.o
 .data          0x00000000        0x0 C:/MBDToolbox/Toolboxes/NXP_MBDToolbox_S32K1xx/code/tools/gcc-6.3-arm32-eabi/arm-none-eabi/newlib/lib/thumb/v7e-m/fpv4-sp/hard/crt0.o
 .bss           0x00000000        0x0 C:/MBDToolbox/Toolboxes/NXP_MBDToolbox_S32K1xx/code/tools/gcc-6.3-arm32-eabi/arm-none-eabi/newlib/lib/thumb/v7e-m/fpv4-sp/hard/crt0.o
 .ARM.extab     0x00000000        0x0 C:/MBDToolbox/Toolboxes/NXP_MBDToolbox_S32K1xx/code/tools/gcc-6.3-arm32-eabi/arm-none-eabi/newlib/lib/thumb/v7e-m/fpv4-sp/hard/crt0.o
 .ARM.exidx     0x00000000        0x8 C:/MBDToolbox/Toolboxes/NXP_MBDToolbox_S32K1xx/code/tools/gcc-6.3-arm32-eabi/arm-none-eabi/newlib/lib/thumb/v7e-m/fpv4-sp/hard/crt0.o
 .ARM.attributes
                0x00000000       0x20 C:/MBDToolbox/Toolboxes/NXP_MBDToolbox_S32K1xx/code/tools/gcc-6.3-arm32-eabi/arm-none-eabi/newlib/lib/thumb/v7e-m/fpv4-sp/hard/crt0.o
 .data          0x00000000        0x0 startup_S32K144.o
 .bss           0x00000000        0x0 startup_S32K144.o
 .bss           0x00000000        0x0 clock_S32K1xx.o
 .data          0x00000000        0x0 clock_manager.o
 .text          0x00000000        0x0 ftm0_pwm_params.o
 .bss           0x00000000        0x0 ftm0_pwm_params.o
 .text          0x00000000        0x0 ftm3_pwm_params.o
 .bss           0x00000000        0x0 ftm3_pwm_params.o
 .data          0x00000000        0x0 ftm_common.o
 .data          0x00000000        0x0 ftm_hw_access.o
 .bss           0x00000000        0x0 ftm_hw_access.o
 .data          0x00000000        0x0 ftm_ic_driver.o
 .bss           0x00000000        0x0 ftm_ic_driver.o
 .text          0x00000000      0x104 ftm_mc_driver.o
 .data          0x00000000        0x0 ftm_mc_driver.o
 .bss           0x00000000        0x0 ftm_mc_driver.o
 .debug_info    0x00000000      0xe1f ftm_mc_driver.o
 .debug_abbrev  0x00000000      0x214 ftm_mc_driver.o
 .debug_loc     0x00000000      0x1cf ftm_mc_driver.o
 .debug_aranges
                0x00000000       0x20 ftm_mc_driver.o
 .debug_ranges  0x00000000       0x18 ftm_mc_driver.o
 .debug_line    0x00000000      0x247 ftm_mc_driver.o
 .debug_str     0x00000000     0x155c ftm_mc_driver.o
 .comment       0x00000000       0xa1 ftm_mc_driver.o
 .debug_frame   0x00000000       0x60 ftm_mc_driver.o
 .ARM.attributes
                0x00000000       0x39 ftm_mc_driver.o
 .text          0x00000000      0x22c ftm_oc_driver.o
 .data          0x00000000        0x0 ftm_oc_driver.o
 .bss           0x00000000        0x0 ftm_oc_driver.o
 .debug_info    0x00000000     0x1395 ftm_oc_driver.o
 .debug_abbrev  0x00000000      0x239 ftm_oc_driver.o
 .debug_loc     0x00000000      0x5dd ftm_oc_driver.o
 .debug_aranges
                0x00000000       0x20 ftm_oc_driver.o
 .debug_ranges  0x00000000       0xa8 ftm_oc_driver.o
 .debug_line    0x00000000      0x34c ftm_oc_driver.o
 .debug_str     0x00000000     0x180f ftm_oc_driver.o
 .comment       0x00000000       0xa1 ftm_oc_driver.o
 .debug_frame   0x00000000       0x74 ftm_oc_driver.o
 .ARM.attributes
                0x00000000       0x39 ftm_oc_driver.o
 .data          0x00000000        0x0 ftm_pwm_driver.o
 .bss           0x00000000        0x0 ftm_pwm_driver.o
 .data          0x00000000        0x0 ftm_qd_driver.o
 .bss           0x00000000        0x0 ftm_qd_driver.o
 .data          0x00000000        0x0 interrupt_manager.o
 .data          0x00000000        0x0 lpit_driver.o
 .bss           0x00000000        0x0 mbd_main.o
 .data          0x00000000        0x0 pins_driver.o
 .bss           0x00000000        0x0 pins_driver.o
 .data          0x00000000        0x0 pins_port_hw_access.o
 .bss           0x00000000        0x0 pins_port_hw_access.o
 .data          0x00000000        0x0 power_manager.o
 .bss           0x00000000        0x0 power_manager.o
 .data          0x00000000        0x0 power_manager_S32K1xx.o
 .data          0x00000000        0x0 power_smc_hw_access.o
 .bss           0x00000000        0x0 power_smc_hw_access.o
 .data          0x00000000        0x0 s32k_clock_init.o
 .bss           0x00000000        0x0 s32k_clock_init.o
 .data          0x00000000        0x0 startup.o
 .bss           0x00000000        0x0 startup.o
 .bss           0x00000000        0x0 system_S32K144.o
 .data          0x00000000        0x0 two_virtual_wheel_autocode.o
 .bss           0x00000000        0x0 two_virtual_wheel_autocode.o
 .rodata        0x00000000        0x4 two_virtual_wheel_autocode.o
 .data          0x00000000        0x0 c:/mbdtoolbox/toolboxes/nxp_mbdtoolbox_s32k1xx/code/tools/gcc-6.3-arm32-eabi/bin/../lib/gcc/arm-none-eabi/6.3.1/thumb/v7e-m/fpv4-sp/hard\libgcc.a(_aeabi_uldivmod.o)
 .bss           0x00000000        0x0 c:/mbdtoolbox/toolboxes/nxp_mbdtoolbox_s32k1xx/code/tools/gcc-6.3-arm32-eabi/bin/../lib/gcc/arm-none-eabi/6.3.1/thumb/v7e-m/fpv4-sp/hard\libgcc.a(_aeabi_uldivmod.o)
 .data          0x00000000        0x0 c:/mbdtoolbox/toolboxes/nxp_mbdtoolbox_s32k1xx/code/tools/gcc-6.3-arm32-eabi/bin/../lib/gcc/arm-none-eabi/6.3.1/thumb/v7e-m/fpv4-sp/hard\libgcc.a(_udivmoddi4.o)
 .bss           0x00000000        0x0 c:/mbdtoolbox/toolboxes/nxp_mbdtoolbox_s32k1xx/code/tools/gcc-6.3-arm32-eabi/bin/../lib/gcc/arm-none-eabi/6.3.1/thumb/v7e-m/fpv4-sp/hard\libgcc.a(_udivmoddi4.o)
 .ARM.extab     0x00000000        0x0 c:/mbdtoolbox/toolboxes/nxp_mbdtoolbox_s32k1xx/code/tools/gcc-6.3-arm32-eabi/bin/../lib/gcc/arm-none-eabi/6.3.1/thumb/v7e-m/fpv4-sp/hard\libgcc.a(_udivmoddi4.o)
 .data          0x00000000        0x0 c:/mbdtoolbox/toolboxes/nxp_mbdtoolbox_s32k1xx/code/tools/gcc-6.3-arm32-eabi/bin/../lib/gcc/arm-none-eabi/6.3.1/thumb/v7e-m/fpv4-sp/hard\libgcc.a(_dvmd_tls.o)
 .bss           0x00000000        0x0 c:/mbdtoolbox/toolboxes/nxp_mbdtoolbox_s32k1xx/code/tools/gcc-6.3-arm32-eabi/bin/../lib/gcc/arm-none-eabi/6.3.1/thumb/v7e-m/fpv4-sp/hard\libgcc.a(_dvmd_tls.o)
 .text          0x00000000        0x0 C:/MBDToolbox/Toolboxes/NXP_MBDToolbox_S32K1xx/code/tools/gcc-6.3-arm32-eabi/arm-none-eabi/newlib/lib/thumb/v7e-m/fpv4-sp/hard\libc.a(lib_a-exit.o)
 .data          0x00000000        0x0 C:/MBDToolbox/Toolboxes/NXP_MBDToolbox_S32K1xx/code/tools/gcc-6.3-arm32-eabi/arm-none-eabi/newlib/lib/thumb/v7e-m/fpv4-sp/hard\libc.a(lib_a-exit.o)
 .bss           0x00000000        0x0 C:/MBDToolbox/Toolboxes/NXP_MBDToolbox_S32K1xx/code/tools/gcc-6.3-arm32-eabi/arm-none-eabi/newlib/lib/thumb/v7e-m/fpv4-sp/hard\libc.a(lib_a-exit.o)
 .text.exit     0x00000000       0x20 C:/MBDToolbox/Toolboxes/NXP_MBDToolbox_S32K1xx/code/tools/gcc-6.3-arm32-eabi/arm-none-eabi/newlib/lib/thumb/v7e-m/fpv4-sp/hard\libc.a(lib_a-exit.o)
 .debug_frame   0x00000000       0x28 C:/MBDToolbox/Toolboxes/NXP_MBDToolbox_S32K1xx/code/tools/gcc-6.3-arm32-eabi/arm-none-eabi/newlib/lib/thumb/v7e-m/fpv4-sp/hard\libc.a(lib_a-exit.o)
 .ARM.attributes
                0x00000000       0x34 C:/MBDToolbox/Toolboxes/NXP_MBDToolbox_S32K1xx/code/tools/gcc-6.3-arm32-eabi/arm-none-eabi/newlib/lib/thumb/v7e-m/fpv4-sp/hard\libc.a(lib_a-exit.o)
 .text          0x00000000        0x0 C:/MBDToolbox/Toolboxes/NXP_MBDToolbox_S32K1xx/code/tools/gcc-6.3-arm32-eabi/arm-none-eabi/newlib/lib/thumb/v7e-m/fpv4-sp/hard\libc.a(lib_a-impure.o)
 .data          0x00000000        0x0 C:/MBDToolbox/Toolboxes/NXP_MBDToolbox_S32K1xx/code/tools/gcc-6.3-arm32-eabi/arm-none-eabi/newlib/lib/thumb/v7e-m/fpv4-sp/hard\libc.a(lib_a-impure.o)
 .bss           0x00000000        0x0 C:/MBDToolbox/Toolboxes/NXP_MBDToolbox_S32K1xx/code/tools/gcc-6.3-arm32-eabi/arm-none-eabi/newlib/lib/thumb/v7e-m/fpv4-sp/hard\libc.a(lib_a-impure.o)
 .data._impure_ptr
                0x00000000        0x4 C:/MBDToolbox/Toolboxes/NXP_MBDToolbox_S32K1xx/code/tools/gcc-6.3-arm32-eabi/arm-none-eabi/newlib/lib/thumb/v7e-m/fpv4-sp/hard\libc.a(lib_a-impure.o)
 .text          0x00000000        0x0 C:/MBDToolbox/Toolboxes/NXP_MBDToolbox_S32K1xx/code/tools/gcc-6.3-arm32-eabi/arm-none-eabi/newlib/lib/thumb/v7e-m/fpv4-sp/hard\libc.a(lib_a-init.o)
 .data          0x00000000        0x0 C:/MBDToolbox/Toolboxes/NXP_MBDToolbox_S32K1xx/code/tools/gcc-6.3-arm32-eabi/arm-none-eabi/newlib/lib/thumb/v7e-m/fpv4-sp/hard\libc.a(lib_a-init.o)
 .bss           0x00000000        0x0 C:/MBDToolbox/Toolboxes/NXP_MBDToolbox_S32K1xx/code/tools/gcc-6.3-arm32-eabi/arm-none-eabi/newlib/lib/thumb/v7e-m/fpv4-sp/hard\libc.a(lib_a-init.o)
 .text.__libc_init_array
                0x00000000       0x48 C:/MBDToolbox/Toolboxes/NXP_MBDToolbox_S32K1xx/code/tools/gcc-6.3-arm32-eabi/arm-none-eabi/newlib/lib/thumb/v7e-m/fpv4-sp/hard\libc.a(lib_a-init.o)
 .debug_frame   0x00000000       0x2c C:/MBDToolbox/Toolboxes/NXP_MBDToolbox_S32K1xx/code/tools/gcc-6.3-arm32-eabi/arm-none-eabi/newlib/lib/thumb/v7e-m/fpv4-sp/hard\libc.a(lib_a-init.o)
 .ARM.attributes
                0x00000000       0x34 C:/MBDToolbox/Toolboxes/NXP_MBDToolbox_S32K1xx/code/tools/gcc-6.3-arm32-eabi/arm-none-eabi/newlib/lib/thumb/v7e-m/fpv4-sp/hard\libc.a(lib_a-init.o)
 .text          0x00000000        0x0 C:/MBDToolbox/Toolboxes/NXP_MBDToolbox_S32K1xx/code/tools/gcc-6.3-arm32-eabi/arm-none-eabi/newlib/lib/thumb/v7e-m/fpv4-sp/hard\libc.a(lib_a-memset.o)
 .data          0x00000000        0x0 C:/MBDToolbox/Toolboxes/NXP_MBDToolbox_S32K1xx/code/tools/gcc-6.3-arm32-eabi/arm-none-eabi/newlib/lib/thumb/v7e-m/fpv4-sp/hard\libc.a(lib_a-memset.o)
 .bss           0x00000000        0x0 C:/MBDToolbox/Toolboxes/NXP_MBDToolbox_S32K1xx/code/tools/gcc-6.3-arm32-eabi/arm-none-eabi/newlib/lib/thumb/v7e-m/fpv4-sp/hard\libc.a(lib_a-memset.o)
 .text          0x00000000        0x0 C:/MBDToolbox/Toolboxes/NXP_MBDToolbox_S32K1xx/code/tools/gcc-6.3-arm32-eabi/arm-none-eabi/newlib/lib/thumb/v7e-m/fpv4-sp/hard\libc.a(lib_a-__call_atexit.o)
 .data          0x00000000        0x0 C:/MBDToolbox/Toolboxes/NXP_MBDToolbox_S32K1xx/code/tools/gcc-6.3-arm32-eabi/arm-none-eabi/newlib/lib/thumb/v7e-m/fpv4-sp/hard\libc.a(lib_a-__call_atexit.o)
 .bss           0x00000000        0x0 C:/MBDToolbox/Toolboxes/NXP_MBDToolbox_S32K1xx/code/tools/gcc-6.3-arm32-eabi/arm-none-eabi/newlib/lib/thumb/v7e-m/fpv4-sp/hard\libc.a(lib_a-__call_atexit.o)
 .text.__call_exitprocs
                0x00000000       0xc8 C:/MBDToolbox/Toolboxes/NXP_MBDToolbox_S32K1xx/code/tools/gcc-6.3-arm32-eabi/arm-none-eabi/newlib/lib/thumb/v7e-m/fpv4-sp/hard\libc.a(lib_a-__call_atexit.o)
 .text          0x00000000        0x0 C:/MBDToolbox/Toolboxes/NXP_MBDToolbox_S32K1xx/code/tools/gcc-6.3-arm32-eabi/arm-none-eabi/newlib/lib/thumb/v7e-m/fpv4-sp/hard\libc.a(lib_a-fini.o)
 .data          0x00000000        0x0 C:/MBDToolbox/Toolboxes/NXP_MBDToolbox_S32K1xx/code/tools/gcc-6.3-arm32-eabi/arm-none-eabi/newlib/lib/thumb/v7e-m/fpv4-sp/hard\libc.a(lib_a-fini.o)
 .bss           0x00000000        0x0 C:/MBDToolbox/Toolboxes/NXP_MBDToolbox_S32K1xx/code/tools/gcc-6.3-arm32-eabi/arm-none-eabi/newlib/lib/thumb/v7e-m/fpv4-sp/hard\libc.a(lib_a-fini.o)
 .text          0x00000000        0x0 C:/MBDToolbox/Toolboxes/NXP_MBDToolbox_S32K1xx/code/tools/gcc-6.3-arm32-eabi/arm-none-eabi/newlib/lib/thumb/v7e-m/fpv4-sp/hard\libc.a(lib_a-atexit.o)
 .data          0x00000000        0x0 C:/MBDToolbox/Toolboxes/NXP_MBDToolbox_S32K1xx/code/tools/gcc-6.3-arm32-eabi/arm-none-eabi/newlib/lib/thumb/v7e-m/fpv4-sp/hard\libc.a(lib_a-atexit.o)
 .bss           0x00000000        0x0 C:/MBDToolbox/Toolboxes/NXP_MBDToolbox_S32K1xx/code/tools/gcc-6.3-arm32-eabi/arm-none-eabi/newlib/lib/thumb/v7e-m/fpv4-sp/hard\libc.a(lib_a-atexit.o)
 .text          0x00000000        0x0 C:/MBDToolbox/Toolboxes/NXP_MBDToolbox_S32K1xx/code/tools/gcc-6.3-arm32-eabi/arm-none-eabi/newlib/lib/thumb/v7e-m/fpv4-sp/hard\libc.a(lib_a-__atexit.o)
 .data          0x00000000        0x0 C:/MBDToolbox/Toolboxes/NXP_MBDToolbox_S32K1xx/code/tools/gcc-6.3-arm32-eabi/arm-none-eabi/newlib/lib/thumb/v7e-m/fpv4-sp/hard\libc.a(lib_a-__atexit.o)
 .bss           0x00000000        0x0 C:/MBDToolbox/Toolboxes/NXP_MBDToolbox_S32K1xx/code/tools/gcc-6.3-arm32-eabi/arm-none-eabi/newlib/lib/thumb/v7e-m/fpv4-sp/hard\libc.a(lib_a-__atexit.o)
 .text          0x00000000        0x0 C:/MBDToolbox/Toolboxes/NXP_MBDToolbox_S32K1xx/code/tools/gcc-6.3-arm32-eabi/arm-none-eabi/newlib/lib/thumb/v7e-m/fpv4-sp/hard\libnosys.a(_exit.o)
 .data          0x00000000        0x0 C:/MBDToolbox/Toolboxes/NXP_MBDToolbox_S32K1xx/code/tools/gcc-6.3-arm32-eabi/arm-none-eabi/newlib/lib/thumb/v7e-m/fpv4-sp/hard\libnosys.a(_exit.o)
 .bss           0x00000000        0x0 C:/MBDToolbox/Toolboxes/NXP_MBDToolbox_S32K1xx/code/tools/gcc-6.3-arm32-eabi/arm-none-eabi/newlib/lib/thumb/v7e-m/fpv4-sp/hard\libnosys.a(_exit.o)
 .text._exit    0x00000000        0x2 C:/MBDToolbox/Toolboxes/NXP_MBDToolbox_S32K1xx/code/tools/gcc-6.3-arm32-eabi/arm-none-eabi/newlib/lib/thumb/v7e-m/fpv4-sp/hard\libnosys.a(_exit.o)
 .debug_frame   0x00000000       0x20 C:/MBDToolbox/Toolboxes/NXP_MBDToolbox_S32K1xx/code/tools/gcc-6.3-arm32-eabi/arm-none-eabi/newlib/lib/thumb/v7e-m/fpv4-sp/hard\libnosys.a(_exit.o)
 .ARM.attributes
                0x00000000       0x34 C:/MBDToolbox/Toolboxes/NXP_MBDToolbox_S32K1xx/code/tools/gcc-6.3-arm32-eabi/arm-none-eabi/newlib/lib/thumb/v7e-m/fpv4-sp/hard\libnosys.a(_exit.o)
 .text          0x00000000        0x0 c:/mbdtoolbox/toolboxes/nxp_mbdtoolbox_s32k1xx/code/tools/gcc-6.3-arm32-eabi/bin/../lib/gcc/arm-none-eabi/6.3.1/thumb/v7e-m/fpv4-sp/hard/crtend.o
 .data          0x00000000        0x0 c:/mbdtoolbox/toolboxes/nxp_mbdtoolbox_s32k1xx/code/tools/gcc-6.3-arm32-eabi/bin/../lib/gcc/arm-none-eabi/6.3.1/thumb/v7e-m/fpv4-sp/hard/crtend.o
 .bss           0x00000000        0x0 c:/mbdtoolbox/toolboxes/nxp_mbdtoolbox_s32k1xx/code/tools/gcc-6.3-arm32-eabi/bin/../lib/gcc/arm-none-eabi/6.3.1/thumb/v7e-m/fpv4-sp/hard/crtend.o
 .eh_frame      0x00000000        0x4 c:/mbdtoolbox/toolboxes/nxp_mbdtoolbox_s32k1xx/code/tools/gcc-6.3-arm32-eabi/bin/../lib/gcc/arm-none-eabi/6.3.1/thumb/v7e-m/fpv4-sp/hard/crtend.o
 .text          0x00000000        0x0 c:/mbdtoolbox/toolboxes/nxp_mbdtoolbox_s32k1xx/code/tools/gcc-6.3-arm32-eabi/bin/../lib/gcc/arm-none-eabi/6.3.1/thumb/v7e-m/fpv4-sp/hard/crtn.o
 .data          0x00000000        0x0 c:/mbdtoolbox/toolboxes/nxp_mbdtoolbox_s32k1xx/code/tools/gcc-6.3-arm32-eabi/bin/../lib/gcc/arm-none-eabi/6.3.1/thumb/v7e-m/fpv4-sp/hard/crtn.o
 .bss           0x00000000        0x0 c:/mbdtoolbox/toolboxes/nxp_mbdtoolbox_s32k1xx/code/tools/gcc-6.3-arm32-eabi/bin/../lib/gcc/arm-none-eabi/6.3.1/thumb/v7e-m/fpv4-sp/hard/crtn.o

Memory Configuration

Name             Origin             Length             Attributes
m_interrupts     0x00000000         0x00000400         xr
m_flash_config   0x00000400         0x00000010         xr
m_text           0x00000410         0x0007fbf0         xr
m_data           0x1fff9000         0x00007000         rw
m_data_2         0x20000000         0x00004000         rw
*default*        0x00000000         0xffffffff

Linker script and memory map

LOAD c:/mbdtoolbox/toolboxes/nxp_mbdtoolbox_s32k1xx/code/tools/gcc-6.3-arm32-eabi/bin/../lib/gcc/arm-none-eabi/6.3.1/thumb/v7e-m/fpv4-sp/hard/crti.o
LOAD c:/mbdtoolbox/toolboxes/nxp_mbdtoolbox_s32k1xx/code/tools/gcc-6.3-arm32-eabi/bin/../lib/gcc/arm-none-eabi/6.3.1/thumb/v7e-m/fpv4-sp/hard/crtbegin.o
LOAD C:/MBDToolbox/Toolboxes/NXP_MBDToolbox_S32K1xx/code/tools/gcc-6.3-arm32-eabi/arm-none-eabi/newlib/lib/thumb/v7e-m/fpv4-sp/hard/crt0.o
                0x00000001                __ram_vector_table__ = 0x1
LOAD startup_S32K144.o
LOAD clock_S32K1xx.o
LOAD clock_manager.o
LOAD ftm0_pwm_params.o
LOAD ftm3_pwm_params.o
LOAD ftm_common.o
LOAD ftm_hw_access.o
LOAD ftm_ic_driver.o
LOAD ftm_mc_driver.o
LOAD ftm_oc_driver.o
LOAD ftm_pwm_driver.o
LOAD ftm_qd_driver.o
LOAD interrupt_manager.o
LOAD lpit_driver.o
LOAD mbd_main.o
LOAD pins_driver.o
LOAD pins_port_hw_access.o
LOAD power_manager.o
LOAD power_manager_S32K1xx.o
LOAD power_smc_hw_access.o
LOAD s32k_clock_init.o
LOAD startup.o
LOAD system_S32K144.o
LOAD two_virtual_wheel_autocode.o
LOAD C:/MBDToolbox/Toolboxes/NXP_MBDToolbox_S32K1xx/code/tools/gcc-6.3-arm32-eabi/arm-none-eabi/newlib/lib/thumb/v7e-m/fpv4-sp/hard\libm.a
LOAD S32K14x_AMMCLIB.a
START GROUP
LOAD c:/mbdtoolbox/toolboxes/nxp_mbdtoolbox_s32k1xx/code/tools/gcc-6.3-arm32-eabi/bin/../lib/gcc/arm-none-eabi/6.3.1/thumb/v7e-m/fpv4-sp/hard\libgcc.a
LOAD C:/MBDToolbox/Toolboxes/NXP_MBDToolbox_S32K1xx/code/tools/gcc-6.3-arm32-eabi/arm-none-eabi/newlib/lib/thumb/v7e-m/fpv4-sp/hard\libc.a
END GROUP
START GROUP
LOAD c:/mbdtoolbox/toolboxes/nxp_mbdtoolbox_s32k1xx/code/tools/gcc-6.3-arm32-eabi/bin/../lib/gcc/arm-none-eabi/6.3.1/thumb/v7e-m/fpv4-sp/hard\libgcc.a
LOAD C:/MBDToolbox/Toolboxes/NXP_MBDToolbox_S32K1xx/code/tools/gcc-6.3-arm32-eabi/arm-none-eabi/newlib/lib/thumb/v7e-m/fpv4-sp/hard\libc.a
LOAD C:/MBDToolbox/Toolboxes/NXP_MBDToolbox_S32K1xx/code/tools/gcc-6.3-arm32-eabi/arm-none-eabi/newlib/lib/thumb/v7e-m/fpv4-sp/hard\libnosys.a
END GROUP
LOAD c:/mbdtoolbox/toolboxes/nxp_mbdtoolbox_s32k1xx/code/tools/gcc-6.3-arm32-eabi/bin/../lib/gcc/arm-none-eabi/6.3.1/thumb/v7e-m/fpv4-sp/hard/crtend.o
LOAD c:/mbdtoolbox/toolboxes/nxp_mbdtoolbox_s32k1xx/code/tools/gcc-6.3-arm32-eabi/bin/../lib/gcc/arm-none-eabi/6.3.1/thumb/v7e-m/fpv4-sp/hard/crtn.o
                0x00000400                HEAP_SIZE = DEFINED (__heap_size__)?__heap_size__:0x400
                0x00000400                STACK_SIZE = DEFINED (__stack_size__)?__stack_size__:0x400
                0x00000400                M_VECTOR_RAM_SIZE = DEFINED (__flash_vector_table__)?0x0:0x400

.interrupts     0x00000000      0x400
                0x00000000                __VECTOR_TABLE = .
                0x00000000                __interrupts_start__ = .
                0x00000000                . = ALIGN (0x4)
 *(.isr_vector)
 .isr_vector    0x00000000      0x400 startup_S32K144.o
                0x00000000                __isr_vector
                0x00000400                __interrupts_end__ = .
                0x00000400                . = ALIGN (0x4)

.flash_config   0x00000400       0x10
                0x00000400                . = ALIGN (0x4)
 *(.FlashConfig)
 .FlashConfig   0x00000400       0x10 startup_S32K144.o
                0x00000410                . = ALIGN (0x4)

.text           0x00000410     0x5c48
                0x00000410                . = ALIGN (0x4)
 *(.text)
 .text          0x00000410       0xa4 c:/mbdtoolbox/toolboxes/nxp_mbdtoolbox_s32k1xx/code/tools/gcc-6.3-arm32-eabi/bin/../lib/gcc/arm-none-eabi/6.3.1/thumb/v7e-m/fpv4-sp/hard/crtbegin.o
 .text          0x000004b4       0x4c startup_S32K144.o
                0x000004b4                Reset_Handler
                0x000004fc                DebugMon_Handler
                0x000004fc                Reserved88_IRQHandler
                0x000004fc                CAN0_ORed_IRQHandler
                0x000004fc                HardFault_Handler
                0x000004fc                Reserved86_IRQHandler
                0x000004fc                Reserved103_IRQHandler
                0x000004fc                SysTick_Handler
                0x000004fc                FTM2_Ovf_Reload_IRQHandler
                0x000004fc                Reserved50_IRQHandler
                0x000004fc                FTFC_Fault_IRQHandler
                0x000004fc                Reserved114_IRQHandler
                0x000004fc                PendSV_Handler
                0x000004fc                NMI_Handler
                0x000004fc                Reserved89_IRQHandler
                0x000004fc                ERM_double_fault_IRQHandler
                0x000004fc                DMA2_IRQHandler
                0x000004fc                Reserved59_IRQHandler
                0x000004fc                Reserved99_IRQHandler
                0x000004fc                CAN2_ORed_0_15_MB_IRQHandler
                0x000004fc                LPIT0_Ch3_IRQHandler
                0x000004fc                Reserved92_IRQHandler
                0x000004fc                CAN1_Error_IRQHandler
                0x000004fc                SWI_IRQHandler
                0x000004fc                ADC0_IRQHandler
                0x000004fc                UsageFault_Handler
                0x000004fc                FTM0_Ovf_Reload_IRQHandler
                0x000004fc                DefaultISR
                0x000004fc                DMA9_IRQHandler
                0x000004fc                Reserved58_IRQHandler
                0x000004fc                CAN1_ORed_0_15_MB_IRQHandler
                0x000004fc                DMA14_IRQHandler
                0x000004fc                Reserved82_IRQHandler
                0x000004fc                CAN0_ORed_16_31_MB_IRQHandler
                0x000004fc                LPI2C0_Slave_IRQHandler
                0x000004fc                Reserved71_IRQHandler
                0x000004fc                PORTD_IRQHandler
                0x000004fc                Reserved69_IRQHandler
                0x000004fc                PORTB_IRQHandler
                0x000004fc                Reserved70_IRQHandler
                0x000004fc                ADC1_IRQHandler
                0x000004fc                Reserved53_IRQHandler
                0x000004fc                DMA5_IRQHandler
                0x000004fc                RTC_IRQHandler
                0x000004fc                PDB0_IRQHandler
                0x000004fc                Reserved54_IRQHandler
                0x000004fc                LPSPI1_IRQHandler
                0x000004fc                LPUART1_RxTx_IRQHandler
                0x000004fc                RTC_Seconds_IRQHandler
                0x000004fc                CAN2_ORed_IRQHandler
                0x000004fc                Reserved72_IRQHandler
                0x000004fc                Reserved110_IRQHandler
                0x000004fc                DMA11_IRQHandler
                0x000004fc                Reserved107_IRQHandler
                0x000004fc                Read_Collision_IRQHandler
                0x000004fc                CAN2_Error_IRQHandler
                0x000004fc                FTFC_IRQHandler
                0x000004fc                DMA7_IRQHandler
                0x000004fc                Reserved105_IRQHandler
                0x000004fc                LPIT0_Ch1_IRQHandler
                0x000004fc                FTM3_Ovf_Reload_IRQHandler
                0x000004fc                LPUART2_RxTx_IRQHandler
                0x000004fc                LPSPI0_IRQHandler
                0x000004fc                WDOG_EWM_IRQHandler
                0x000004fc                MemManage_Handler
                0x000004fc                Reserved90_IRQHandler
                0x000004fc                Reserved83_IRQHandler
                0x000004fc                FTM0_Fault_IRQHandler
                0x000004fc                Reserved48_IRQHandler
                0x000004fc                SVC_Handler
                0x000004fc                ERM_single_fault_IRQHandler
                0x000004fc                FTM2_Fault_IRQHandler
                0x000004fc                DMA13_IRQHandler
                0x000004fc                FTM3_Fault_IRQHandler
                0x000004fc                RCM_IRQHandler
                0x000004fc                DMA3_IRQHandler
                0x000004fc                Reserved100_IRQHandler
                0x000004fc                DMA0_IRQHandler
                0x000004fc                Reserved91_IRQHandler
                0x000004fc                CAN1_ORed_IRQHandler
                0x000004fc                DMA15_IRQHandler
                0x000004fc                SCG_IRQHandler
                0x000004fc                PDB1_IRQHandler
                0x000004fc                Reserved81_IRQHandler
                0x000004fc                Reserved46_IRQHandler
                0x000004fc                Reserved45_IRQHandler
                0x000004fc                CAN0_Error_IRQHandler
                0x000004fc                Reserved112_IRQHandler
                0x000004fc                LPI2C0_Master_IRQHandler
                0x000004fc                DMA4_IRQHandler
                0x000004fc                FTM1_Fault_IRQHandler
                0x000004fc                Reserved106_IRQHandler
                0x000004fc                DMA_Error_IRQHandler
                0x000004fc                LVD_LVW_IRQHandler
                0x000004fc                LPIT0_Ch2_IRQHandler
                0x000004fc                PORTA_IRQHandler
                0x000004fc                MCM_IRQHandler
                0x000004fc                LPSPI2_IRQHandler
                0x000004fc                DMA12_IRQHandler
                0x000004fc                CAN0_ORed_0_15_MB_IRQHandler
                0x000004fc                PORTE_IRQHandler
                0x000004fc                LPUART0_RxTx_IRQHandler
                0x000004fc                LPTMR0_IRQHandler
                0x000004fc                BusFault_Handler
                0x000004fc                Reserved87_IRQHandler
                0x000004fc                FTM1_Ovf_Reload_IRQHandler
                0x000004fc                DMA8_IRQHandler
                0x000004fc                Reserved93_IRQHandler
                0x000004fc                DMA10_IRQHandler
                0x000004fc                CAN0_Wake_Up_IRQHandler
                0x000004fc                CMP0_IRQHandler
                0x000004fc                Reserved52_IRQHandler
                0x000004fc                PORTC_IRQHandler
                0x000004fc                DMA6_IRQHandler
                0x000004fc                FLEXIO_IRQHandler
                0x000004fc                DMA1_IRQHandler
                0x000004fc                Reserved113_IRQHandler
 .text          0x00000500     0x1a68 clock_S32K1xx.o
                0x0000108e                CLOCK_SYS_SetConfiguration
                0x0000162a                CLOCK_SYS_GetFreq
                0x000019d4                CLOCK_DRV_Init
                0x000019dc                CLOCK_DRV_GetFreq
                0x000019e4                CLOCK_DRV_SetModuleClock
                0x00001b50                CLOCK_DRV_SetSystemClock
                0x00001c60                CLOCK_DRV_GetSystemClockSource
                0x00001cbc                CLOCK_DRV_SetClockSource
 .text          0x00001f68      0x12c clock_manager.o
                0x00001f68                CLOCK_SYS_Init
                0x00001f84                CLOCK_SYS_UpdateConfiguration
                0x0000206c                CLOCK_SYS_GetCurrentConfiguration
                0x00002078                CLOCK_SYS_GetErrorCallback
 .text          0x00002094      0x72c ftm_common.o
                0x00002094                FTM_DRV_Deinit
                0x000020b4                FTM_DRV_MaskOutputChannels
                0x000020d4                FTM_DRV_SetInitialCounterValue
                0x000020fc                FTM_DRV_SetHalfCycleReloadPoint
                0x0000211c                FTM_DRV_SetSoftOutChnValue
                0x00002148                FTM_DRV_SetSoftwareOutputChannelControl
                0x00002174                FTM_DRV_SetAllChnSoftwareOutputControl
                0x00002194                FTM_DRV_SetInvertingControl
                0x000021b4                FTM_DRV_SetModuloCounterValue
                0x000021dc                FTM_DRV_SetOutputlevel
                0x00002210                FTM_DRV_SetSync
                0x000023cc                FTM_DRV_EnableInterrupts
                0x0000246c                FTM_DRV_DisableInterrupts
                0x00002508                FTM_DRV_GetEnabledInterrupts
                0x00002564                FTM_DRV_GetStatusFlags
                0x000025c0                FTM_DRV_ClearStatusFlags
                0x0000264c                FTM_DRV_GetFrequency
                0x000026cc                FTM_DRV_Init
                0x000027ac                FTM_DRV_ConvertFreqToPeriodTicks
 .text          0x000027c0       0xfe ftm_hw_access.o
                0x000027c0                FTM_DRV_InitModule
                0x000027d8                FTM_DRV_Reset
                0x0000283e                FTM_DRV_SetChnTriggerCmd
                0x00002870                FTM_DRV_SetChnInputCaptureFilter
 *fill*         0x000028be        0x2 
 .text          0x000028c0      0x6d4 ftm_ic_driver.o
                0x00002978                FTM_DRV_InitInputCapture
                0x00002c44                FTM_DRV_DeinitInputCapture
                0x00002d14                FTM_DRV_GetInputCaptureMeasurement
                0x00002d2c                FTM_DRV_StartNewSignalMeasurement
                0x00002d90                FTM_IC_DRV_SetChannelMode
                0x00002ed4                FTM0_Ch0_Ch1_IRQHandler
                0x00002ee0                FTM0_Ch2_Ch3_IRQHandler
                0x00002eec                FTM0_Ch4_Ch5_IRQHandler
                0x00002ef8                FTM0_Ch6_Ch7_IRQHandler
                0x00002f04                FTM1_Ch0_Ch1_IRQHandler
                0x00002f10                FTM1_Ch2_Ch3_IRQHandler
                0x00002f1c                FTM1_Ch4_Ch5_IRQHandler
                0x00002f28                FTM1_Ch6_Ch7_IRQHandler
                0x00002f34                FTM2_Ch0_Ch1_IRQHandler
                0x00002f40                FTM2_Ch2_Ch3_IRQHandler
                0x00002f4c                FTM2_Ch4_Ch5_IRQHandler
                0x00002f58                FTM2_Ch6_Ch7_IRQHandler
                0x00002f64                FTM3_Ch0_Ch1_IRQHandler
                0x00002f70                FTM3_Ch2_Ch3_IRQHandler
                0x00002f7c                FTM3_Ch4_Ch5_IRQHandler
                0x00002f88                FTM3_Ch6_Ch7_IRQHandler
 .text          0x00002f94      0x91c ftm_pwm_driver.o
                0x00002f94                FTM_DRV_DeinitPwm
                0x000030a0                FTM_DRV_UpdatePwmChannel
                0x000031a4                FTM_DRV_InitPwm
                0x00003774                FTM_DRV_UpdatePwmPeriod
                0x000037d0                FTM_DRV_FastUpdatePwmChannels
                0x00003810                FTM_PWM_DRV_IrqHandler
 .text          0x000038b0      0x174 ftm_qd_driver.o
                0x000038b0                FTM_DRV_QuadDecodeStart
                0x000039cc                FTM_DRV_QuadDecodeStop
                0x000039f4                FTM_DRV_QuadGetState
 .text          0x00003a24      0x19c interrupt_manager.o
                0x00003a24                INT_SYS_InstallHandler
                0x00003a54                INT_SYS_EnableIRQ
                0x00003a6c                INT_SYS_DisableIRQ
                0x00003a88                INT_SYS_EnableIRQGlobal
                0x00003aa4                INT_SYS_DisableIRQGlobal
                0x00003ab4                INT_SYS_SetPriority
                0x00003b0c                INT_SYS_GetPriority
                0x00003b50                INT_SYS_ClearPending
                0x00003b6c                INT_SYS_SetPending
                0x00003b88                INT_SYS_GetPending
                0x00003ba4                INT_SYS_GetActive
 .text          0x00003bc0      0x5e0 lpit_driver.o
                0x00003bc0                LPIT_DRV_Init
                0x00003c28                LPIT_DRV_Deinit
                0x00003c38                LPIT_DRV_StartTimerChannels
                0x00003c48                LPIT_DRV_StopTimerChannels
                0x00003c58                LPIT_DRV_SetTimerPeriodByUs
                0x00003d04                LPIT_DRV_InitChannel
                0x00003e8c                LPIT_DRV_SetTimerPeriodInDual16ModeByUs
                0x00003f10                LPIT_DRV_GetTimerPeriodByUs
                0x00004024                LPIT_DRV_GetCurrentTimerUs
                0x000040fc                LPIT_DRV_SetTimerPeriodByCount
                0x0000410c                LPIT_DRV_SetTimerPeriodInDual16ModeByCount
                0x00004120                LPIT_DRV_GetTimerPeriodByCount
                0x00004144                LPIT_DRV_GetCurrentTimerCount
                0x00004168                LPIT_DRV_EnableTimerChannelInterrupt
                0x00004178                LPIT_DRV_DisableTimerChannelInterrupt
                0x00004188                LPIT_DRV_GetInterruptFlagTimerChannels
                0x00004194                LPIT_DRV_ClearInterruptFlagTimerChannels
 .text          0x000041a0      0x128 mbd_main.o
                0x000041a0                ftm_init
                0x000041e0                SYSTEM_INIT_TASK
                0x000041e8                SYSTEM_TASK
                0x0000421a                LPIT0_Ch0_IRQHandler
                0x0000422a                lpit0_init
                0x0000429c                main
 .text          0x000042c8      0x152 pins_driver.o
                0x000042c8                PINS_DRV_Init
                0x000042e8                PINS_DRV_SetPullSel
                0x00004322                PINS_DRV_SetMuxModeSel
                0x00004338                PINS_DRV_SetPinIntSel
                0x0000434e                PINS_DRV_GetPinIntSel
                0x00004358                PINS_DRV_ClearPinIntFlagCmd
                0x00004366                PINS_DRV_EnableDigitalFilter
                0x00004378                PINS_DRV_DisableDigitalFilter
                0x0000438c                PINS_DRV_ConfigDigitalFilter
                0x000043a2                PINS_DRV_GetPortIntFlag
                0x000043a8                PINS_DRV_ClearPortIntFlagCmd
                0x000043b2                PINS_DRV_GetPinsDirection
                0x000043b6                PINS_DRV_SetPinDirection
                0x000043ce                PINS_DRV_SetPinsDirection
                0x000043d2                PINS_DRV_SetPortInputDisable
                0x000043d6                PINS_DRV_GetPortInputDisable
                0x000043da                PINS_DRV_SetGlobalPinControl
                0x000043e2                PINS_DRV_SetGlobalIntControl
                0x000043ea                PINS_DRV_WritePin
                0x00004402                PINS_DRV_WritePins
                0x00004406                PINS_DRV_GetPinsOutput
                0x0000440a                PINS_DRV_SetPins
                0x0000440e                PINS_DRV_ClearPins
                0x00004412                PINS_DRV_TogglePins
                0x00004416                PINS_DRV_ReadPins
 .text          0x0000441a      0x12c pins_port_hw_access.o
                0x0000441a                PINS_Init
                0x000044f6                PINS_SetGlobalPinControl
                0x00004522                PINS_SetGlobalIntControl
 *fill*         0x00004546        0x2 
 .text          0x00004548      0x1c4 power_manager.o
                0x000045ec                POWER_SYS_Init
                0x00004618                POWER_SYS_Deinit
                0x00004630                POWER_SYS_GetLastMode
                0x00004648                POWER_SYS_GetLastModeConfig
                0x00004664                POWER_SYS_GetErrorCallbackIndex
                0x00004670                POWER_SYS_GetErrorCallback
                0x0000468c                POWER_SYS_SetMode
 .text          0x0000470c      0x4d8 power_manager_S32K1xx.o
                0x000047fc                POWER_SYS_DoInit
                0x00004884                POWER_SYS_DoDeinit
                0x00004888                POWER_SYS_GetCurrentMode
                0x000048ac                POWER_SYS_DoSetMode
                0x00004b84                POWER_SYS_GetResetSrcStatusCmd
 .text          0x00004be4      0x152 power_smc_hw_access.o
                0x00004c56                SMC_SetPowerMode
                0x00004d08                SMC_SetProtectionMode
                0x00004d1e                SMC_GetProtectionMode
 *fill*         0x00004d36        0x2 
 .text          0x00004d38      0x118 s32k_clock_init.o
                0x00004d38                Clock_Setup
                0x00004e38                UpdateSystickConfig
 .text          0x00004e50       0xd8 startup.o
                0x00004e50                init_data_bss
 .text          0x00004f28       0xd4 system_S32K144.o
                0x00004f28                SystemInit
                0x00004f64                SystemCoreClockUpdate
                0x00004fe4                SystemSoftwareReset
 .text          0x00004ffc      0x9c8 two_virtual_wheel_autocode.o
                0x00005048                two_virtual_wheel_autocode_SetEventsForThisBaseStep
                0x00005064                two_virtual_wheel_autocode_step0
                0x0000506c                two_virtual_wheel_autocode_step1
                0x000054c4                two_virtual_wheel_autocode_step2
                0x00005548                two_virtual_wheel_autocode_step
                0x00005568                two_virtual_wheel_autocode_initialize
                0x000059c2                two_virtual_wheel_autocode_terminate
 .text          0x000059c4       0x30 c:/mbdtoolbox/toolboxes/nxp_mbdtoolbox_s32k1xx/code/tools/gcc-6.3-arm32-eabi/bin/../lib/gcc/arm-none-eabi/6.3.1/thumb/v7e-m/fpv4-sp/hard\libgcc.a(_aeabi_uldivmod.o)
                0x000059c4                __aeabi_uldivmod
 .text          0x000059f4      0x2e4 c:/mbdtoolbox/toolboxes/nxp_mbdtoolbox_s32k1xx/code/tools/gcc-6.3-arm32-eabi/bin/../lib/gcc/arm-none-eabi/6.3.1/thumb/v7e-m/fpv4-sp/hard\libgcc.a(_udivmoddi4.o)
                0x000059f4                __udivmoddi4
 .text          0x00005cd8        0x4 c:/mbdtoolbox/toolboxes/nxp_mbdtoolbox_s32k1xx/code/tools/gcc-6.3-arm32-eabi/bin/../lib/gcc/arm-none-eabi/6.3.1/thumb/v7e-m/fpv4-sp/hard\libgcc.a(_dvmd_tls.o)
                0x00005cd8                __aeabi_idiv0
                0x00005cd8                __aeabi_ldiv0
 *(.text*)
 .text.memset   0x00005cdc       0x10 C:/MBDToolbox/Toolboxes/NXP_MBDToolbox_S32K1xx/code/tools/gcc-6.3-arm32-eabi/arm-none-eabi/newlib/lib/thumb/v7e-m/fpv4-sp/hard\libc.a(lib_a-memset.o)
                0x00005cdc                memset
 .text.startup.register_fini
                0x00005cec       0x14 C:/MBDToolbox/Toolboxes/NXP_MBDToolbox_S32K1xx/code/tools/gcc-6.3-arm32-eabi/arm-none-eabi/newlib/lib/thumb/v7e-m/fpv4-sp/hard\libc.a(lib_a-__call_atexit.o)
 .text.__libc_fini_array
                0x00005d00       0x28 C:/MBDToolbox/Toolboxes/NXP_MBDToolbox_S32K1xx/code/tools/gcc-6.3-arm32-eabi/arm-none-eabi/newlib/lib/thumb/v7e-m/fpv4-sp/hard\libc.a(lib_a-fini.o)
                0x00005d00                __libc_fini_array
 .text.atexit   0x00005d28        0xc C:/MBDToolbox/Toolboxes/NXP_MBDToolbox_S32K1xx/code/tools/gcc-6.3-arm32-eabi/arm-none-eabi/newlib/lib/thumb/v7e-m/fpv4-sp/hard\libc.a(lib_a-atexit.o)
                0x00005d28                atexit
 .text.__register_exitproc
                0x00005d34       0x98 C:/MBDToolbox/Toolboxes/NXP_MBDToolbox_S32K1xx/code/tools/gcc-6.3-arm32-eabi/arm-none-eabi/newlib/lib/thumb/v7e-m/fpv4-sp/hard\libc.a(lib_a-__atexit.o)
                0x00005d34                __register_exitproc
 *(.rodata)
 .rodata        0x00005dcc      0x20d clock_S32K1xx.o
                0x00005ec8                clockNameMappings
                0x00005f78                peripheralFeaturesList
 *fill*         0x00005fd9        0x3 
 .rodata        0x00005fdc       0x44 ftm_common.o
                0x00005fdc                g_ftmBase
                0x00005fec                g_ftmOverflowIrqId
                0x00005ff0                g_ftmFaultIrqId
                0x00005ff4                g_ftmReloadIrqId
                0x00005ff8                g_ftmIrqId
 .rodata        0x00006020       0x1c mbd_main.o
 *(.rodata*)
 .rodata._global_impure_ptr
                0x0000603c        0x4 C:/MBDToolbox/Toolboxes/NXP_MBDToolbox_S32K1xx/code/tools/gcc-6.3-arm32-eabi/arm-none-eabi/newlib/lib/thumb/v7e-m/fpv4-sp/hard\libc.a(lib_a-impure.o)
                0x0000603c                _global_impure_ptr
 *(.glue_7)
 .glue_7        0x00006040        0x0 linker stubs
 *(.glue_7t)
 .glue_7t       0x00006040        0x0 linker stubs
 *(.eh_frame)
 .eh_frame      0x00006040        0x0 c:/mbdtoolbox/toolboxes/nxp_mbdtoolbox_s32k1xx/code/tools/gcc-6.3-arm32-eabi/bin/../lib/gcc/arm-none-eabi/6.3.1/thumb/v7e-m/fpv4-sp/hard/crtbegin.o
 *(.init)
 .init          0x00006040        0x4 c:/mbdtoolbox/toolboxes/nxp_mbdtoolbox_s32k1xx/code/tools/gcc-6.3-arm32-eabi/bin/../lib/gcc/arm-none-eabi/6.3.1/thumb/v7e-m/fpv4-sp/hard/crti.o
                0x00006040                _init
 .init          0x00006044        0x8 c:/mbdtoolbox/toolboxes/nxp_mbdtoolbox_s32k1xx/code/tools/gcc-6.3-arm32-eabi/bin/../lib/gcc/arm-none-eabi/6.3.1/thumb/v7e-m/fpv4-sp/hard/crtn.o
 *(.fini)
 .fini          0x0000604c        0x4 c:/mbdtoolbox/toolboxes/nxp_mbdtoolbox_s32k1xx/code/tools/gcc-6.3-arm32-eabi/bin/../lib/gcc/arm-none-eabi/6.3.1/thumb/v7e-m/fpv4-sp/hard/crti.o
                0x0000604c                _fini
 .fini          0x00006050        0x8 c:/mbdtoolbox/toolboxes/nxp_mbdtoolbox_s32k1xx/code/tools/gcc-6.3-arm32-eabi/bin/../lib/gcc/arm-none-eabi/6.3.1/thumb/v7e-m/fpv4-sp/hard/crtn.o
                0x00006058                . = ALIGN (0x4)

.vfp11_veneer   0x00006058        0x0
 .vfp11_veneer  0x00006058        0x0 linker stubs

.v4_bx          0x00006058        0x0
 .v4_bx         0x00006058        0x0 linker stubs

.iplt           0x00006058        0x0
 .iplt          0x00006058        0x0 c:/mbdtoolbox/toolboxes/nxp_mbdtoolbox_s32k1xx/code/tools/gcc-6.3-arm32-eabi/bin/../lib/gcc/arm-none-eabi/6.3.1/thumb/v7e-m/fpv4-sp/hard/crtbegin.o

.ARM.extab
 *(.ARM.extab* .gnu.linkonce.armextab.*)

.ARM            0x00006058        0x8
                0x00006058                __exidx_start = .
 *(.ARM.exidx*)
 .ARM.exidx     0x00006058        0x8 c:/mbdtoolbox/toolboxes/nxp_mbdtoolbox_s32k1xx/code/tools/gcc-6.3-arm32-eabi/bin/../lib/gcc/arm-none-eabi/6.3.1/thumb/v7e-m/fpv4-sp/hard\libgcc.a(_udivmoddi4.o)
                0x00006060                __exidx_end = .

.rel.dyn        0x00006060        0x0
 .rel.iplt      0x00006060        0x0 c:/mbdtoolbox/toolboxes/nxp_mbdtoolbox_s32k1xx/code/tools/gcc-6.3-arm32-eabi/bin/../lib/gcc/arm-none-eabi/6.3.1/thumb/v7e-m/fpv4-sp/hard/crtbegin.o

.ctors          0x00006060        0x0
                0x00006060                __CTOR_LIST__ = .
 *crtbegin.o(.ctors)
 *crtbegin?.o(.ctors)
 *(EXCLUDE_FILE(*crtend.o *crtend?.o) .ctors)
 *(SORT(.ctors.*))
 *(.ctors)
                0x00006060                __CTOR_END__ = .

.dtors          0x00006060        0x0
                0x00006060                __DTOR_LIST__ = .
 *crtbegin.o(.dtors)
 *crtbegin?.o(.dtors)
 *(EXCLUDE_FILE(*crtend.o *crtend?.o) .dtors)
 *(SORT(.dtors.*))
 *(.dtors)
                0x00006060                __DTOR_END__ = .

.preinit_array  0x00006060        0x0
                0x00006060                PROVIDE (__preinit_array_start, .)
 *(.preinit_array*)
                0x00006060                PROVIDE (__preinit_array_end, .)

.init_array     0x00006060        0x8
                0x00006060                PROVIDE (__init_array_start, .)
 *(SORT(.init_array.*))
 .init_array.00000
                0x00006060        0x4 C:/MBDToolbox/Toolboxes/NXP_MBDToolbox_S32K1xx/code/tools/gcc-6.3-arm32-eabi/arm-none-eabi/newlib/lib/thumb/v7e-m/fpv4-sp/hard\libc.a(lib_a-__call_atexit.o)
 *(.init_array*)
 .init_array    0x00006064        0x4 c:/mbdtoolbox/toolboxes/nxp_mbdtoolbox_s32k1xx/code/tools/gcc-6.3-arm32-eabi/bin/../lib/gcc/arm-none-eabi/6.3.1/thumb/v7e-m/fpv4-sp/hard/crtbegin.o
                0x00006068                PROVIDE (__init_array_end, .)

.fini_array     0x00006068        0x4
                0x00006068                PROVIDE (__fini_array_start, .)
 *(SORT(.fini_array.*))
 *(.fini_array*)
 .fini_array    0x00006068        0x4 c:/mbdtoolbox/toolboxes/nxp_mbdtoolbox_s32k1xx/code/tools/gcc-6.3-arm32-eabi/bin/../lib/gcc/arm-none-eabi/6.3.1/thumb/v7e-m/fpv4-sp/hard/crtbegin.o
                0x0000606c                PROVIDE (__fini_array_end, .)
                0x0000606c                __etext = .
                0x0000606c                __DATA_ROM = .

.interrupts_ram
                0x1fff9000      0x400
                0x1fff9000                . = ALIGN (0x4)
                0x1fff9000                __VECTOR_RAM__ = .
                0x1fff9000                __RAM_START = .
                0x1fff9000                __interrupts_ram_start__ = .
 *(.m_interrupts_ram)
                0x1fff9400                . = (. + M_VECTOR_RAM_SIZE)
 *fill*         0x1fff9000      0x400 
                0x1fff9400                . = ALIGN (0x4)
                0x1fff9400                __interrupts_ram_end__ = .
                0x1fff9000                __VECTOR_RAM = DEFINED (__flash_vector_table__)?ORIGIN (m_interrupts):__VECTOR_RAM__
                0x00000400                __RAM_VECTOR_TABLE_SIZE = DEFINED (__flash_vector_table__)?0x0:(__interrupts_ram_end__ - __interrupts_ram_start__)

.data           0x1fff9400      0x564 load address 0x0000606c
                0x1fff9400                . = ALIGN (0x4)
                0x1fff9400                __DATA_RAM = .
                0x1fff9400                __data_start__ = .
 *(.data)
 .data          0x1fff9400       0xa0 clock_S32K1xx.o
 .data          0x1fff94a0       0x48 ftm0_pwm_params.o
                0x1fff94a0                flexTimer_pwm0_InitConfig
                0x1fff94b4                flexTimer_pwm0_PwmConfig
                0x1fff94cc                flexTimer_pwm0_IndependentChannelsConfig
                0x1fff94d8                flexTimer_pwm0_FaultConfig
 .data          0x1fff94e8       0x48 ftm3_pwm_params.o
                0x1fff94e8                flexTimer_pwm3_InitConfig
                0x1fff94fc                flexTimer_pwm3_PwmConfig
                0x1fff9514                flexTimer_pwm3_IndependentChannelsConfig
                0x1fff9520                flexTimer_pwm3_FaultConfig
 .data          0x1fff9530       0x12 mbd_main.o
                0x1fff9530                ftm2DriverInfo
 *fill*         0x1fff9542        0x2 
 .data          0x1fff9544        0x4 system_S32K144.o
                0x1fff9544                SystemCoreClock
 *(.data*)
 .data.impure_data
                0x1fff9548      0x418 C:/MBDToolbox/Toolboxes/NXP_MBDToolbox_S32K1xx/code/tools/gcc-6.3-arm32-eabi/arm-none-eabi/newlib/lib/thumb/v7e-m/fpv4-sp/hard\libc.a(lib_a-impure.o)
 *(.jcr*)
 .jcr           0x1fff9960        0x0 c:/mbdtoolbox/toolboxes/nxp_mbdtoolbox_s32k1xx/code/tools/gcc-6.3-arm32-eabi/bin/../lib/gcc/arm-none-eabi/6.3.1/thumb/v7e-m/fpv4-sp/hard/crtbegin.o
 .jcr           0x1fff9960        0x4 c:/mbdtoolbox/toolboxes/nxp_mbdtoolbox_s32k1xx/code/tools/gcc-6.3-arm32-eabi/bin/../lib/gcc/arm-none-eabi/6.3.1/thumb/v7e-m/fpv4-sp/hard/crtend.o
                0x1fff9964                . = ALIGN (0x4)
                0x1fff9964                __data_end__ = .
                0x000065d0                __DATA_END = (__DATA_ROM + (__data_end__ - __data_start__))
                0x000065d0                __CODE_ROM = __DATA_END

.tm_clone_table
                0x1fff9964        0x0 load address 0x000065d0
 .tm_clone_table
                0x1fff9964        0x0 c:/mbdtoolbox/toolboxes/nxp_mbdtoolbox_s32k1xx/code/tools/gcc-6.3-arm32-eabi/bin/../lib/gcc/arm-none-eabi/6.3.1/thumb/v7e-m/fpv4-sp/hard/crtbegin.o
 .tm_clone_table
                0x1fff9964        0x0 c:/mbdtoolbox/toolboxes/nxp_mbdtoolbox_s32k1xx/code/tools/gcc-6.3-arm32-eabi/bin/../lib/gcc/arm-none-eabi/6.3.1/thumb/v7e-m/fpv4-sp/hard/crtend.o

.igot.plt       0x1fff9964        0x0 load address 0x000065d0
 .igot.plt      0x1fff9964        0x0 c:/mbdtoolbox/toolboxes/nxp_mbdtoolbox_s32k1xx/code/tools/gcc-6.3-arm32-eabi/bin/../lib/gcc/arm-none-eabi/6.3.1/thumb/v7e-m/fpv4-sp/hard/crtbegin.o

.code           0x1fff9964        0x0 load address 0x000065d0
                0x1fff9964                . = ALIGN (0x4)
                0x1fff9964                __CODE_RAM = .
                0x1fff9964                __code_start__ = .
                0x1fff9964                __code_ram_start__ = .
 *(.code_ram)
                0x1fff9964                . = ALIGN (0x4)
                0x1fff9964                __code_end__ = .
                0x1fff9964                __code_ram_end__ = .
                0x000065d0                __CODE_END = (__CODE_ROM + (__code_end__ - __code_start__))
                0x000065d0                __CUSTOM_ROM = __CODE_END

.customSectionBlock
                0x20000000        0x0 load address 0x000065d0
                0x20000000                __customSection_start__ = .
 *(.customSection)
                0x20000000                __customSection_end__ = .
                0x000065d0                __CUSTOM_END = (__CUSTOM_ROM + (__customSection_end__ - __customSection_start__))

.bss            0x20000000      0x1ec
                0x20000000                . = ALIGN (0x4)
                0x20000000                __BSS_START = .
                0x20000000                __bss_start__ = .
 *(.bss)
 .bss           0x20000000       0x1c c:/mbdtoolbox/toolboxes/nxp_mbdtoolbox_s32k1xx/code/tools/gcc-6.3-arm32-eabi/bin/../lib/gcc/arm-none-eabi/6.3.1/thumb/v7e-m/fpv4-sp/hard/crtbegin.o
 .bss           0x2000001c       0x10 clock_manager.o
 .bss           0x2000002c       0x11 ftm_common.o
                0x2000002c                ftmStatePtr
                0x2000003c                faultDetection
 *fill*         0x2000003d        0x3 
 .bss           0x20000040        0x4 interrupt_manager.o
 .bss           0x20000044        0x4 lpit_driver.o
 .bss           0x20000048        0xc power_manager_S32K1xx.o
 *(.bss*)
 *(COMMON)
 COMMON         0x20000054       0x14 clock_S32K1xx.o
                0x20000054                g_xtal0ClkFreq
                0x20000058                g_RtcClkInFreq
                0x2000005c                g_TClkFreq
 COMMON         0x20000068       0x60 ftm0_pwm_params.o
                0x20000068                ftmStateStruct0
 COMMON         0x200000c8       0x60 ftm3_pwm_params.o
                0x200000c8                ftmStateStruct3
 COMMON         0x20000128       0x60 mbd_main.o
                0x20000128                ftm2DriverState
 COMMON         0x20000188       0x10 power_manager.o
                0x20000188                gPowerManagerState
 COMMON         0x20000198       0x54 two_virtual_wheel_autocode.o
                0x20000198                two_virtual_wheel_autocode_DW
                0x200001bc                two_virtual_wheel_autocode_B
                0x200001dc                two_virtual_wheel_autocode_M_
                0x200001ec                . = ALIGN (0x4)
                0x200001ec                __bss_end__ = .
                0x200001ec                __BSS_END = .

.heap           0x200001ec      0x404
                0x200001f0                . = ALIGN (0x8)
 *fill*         0x200001ec        0x4 
                0x200001f0                __end__ = .
                0x200001f0                __heap_start__ = .
                [!provide]                PROVIDE (end, .)
                [!provide]                PROVIDE (_end, .)
                [!provide]                PROVIDE (__end, .)
                0x200001f0                __HeapBase = .
                0x200005f0                . = (. + HEAP_SIZE)
 *fill*         0x200001f0      0x400 
                0x200005f0                __HeapLimit = .
                0x200005f0                __heap_limit = .
                0x200005f0                __heap_end__ = .
                0x20004000                __StackTop = (ORIGIN (m_data_2) + LENGTH (m_data_2))
                0x20003c00                __StackLimit = (__StackTop - STACK_SIZE)
                0x20004000                PROVIDE (__stack, __StackTop)
                0x20004000                __RAM_END = __StackTop

.stack          0x20003c00      0x400
                0x20003c00                . = ALIGN (0x8)
                0x20003c00                __stack_start__ = .
                0x20004000                . = (. + STACK_SIZE)
 *fill*         0x20003c00      0x400 
                0x20004000                __stack_end__ = .

.ARM.attributes
                0x00000000       0x30
 *(.ARM.attributes)
 .ARM.attributes
                0x00000000       0x22 c:/mbdtoolbox/toolboxes/nxp_mbdtoolbox_s32k1xx/code/tools/gcc-6.3-arm32-eabi/bin/../lib/gcc/arm-none-eabi/6.3.1/thumb/v7e-m/fpv4-sp/hard/crti.o
 .ARM.attributes
                0x00000022       0x34 c:/mbdtoolbox/toolboxes/nxp_mbdtoolbox_s32k1xx/code/tools/gcc-6.3-arm32-eabi/bin/../lib/gcc/arm-none-eabi/6.3.1/thumb/v7e-m/fpv4-sp/hard/crtbegin.o
 .ARM.attributes
                0x00000056       0x1f startup_S32K144.o
 .ARM.attributes
                0x00000075       0x39 clock_S32K1xx.o
 .ARM.attributes
                0x000000ae       0x39 clock_manager.o
 .ARM.attributes
                0x000000e7       0x39 ftm0_pwm_params.o
 .ARM.attributes
                0x00000120       0x39 ftm3_pwm_params.o
 .ARM.attributes
                0x00000159       0x39 ftm_common.o
 .ARM.attributes
                0x00000192       0x39 ftm_hw_access.o
 .ARM.attributes
                0x000001cb       0x39 ftm_ic_driver.o
 .ARM.attributes
                0x00000204       0x39 ftm_pwm_driver.o
 .ARM.attributes
                0x0000023d       0x39 ftm_qd_driver.o
 .ARM.attributes
                0x00000276       0x39 interrupt_manager.o
 .ARM.attributes
                0x000002af       0x39 lpit_driver.o
 .ARM.attributes
                0x000002e8       0x39 mbd_main.o
 .ARM.attributes
                0x00000321       0x39 pins_driver.o
 .ARM.attributes
                0x0000035a       0x39 pins_port_hw_access.o
 .ARM.attributes
                0x00000393       0x39 power_manager.o
 .ARM.attributes
                0x000003cc       0x39 power_manager_S32K1xx.o
 .ARM.attributes
                0x00000405       0x39 power_smc_hw_access.o
 .ARM.attributes
                0x0000043e       0x39 s32k_clock_init.o
 .ARM.attributes
                0x00000477       0x39 startup.o
 .ARM.attributes
                0x000004b0       0x39 system_S32K144.o
 .ARM.attributes
                0x000004e9       0x39 two_virtual_wheel_autocode.o
 .ARM.attributes
                0x00000522       0x22 c:/mbdtoolbox/toolboxes/nxp_mbdtoolbox_s32k1xx/code/tools/gcc-6.3-arm32-eabi/bin/../lib/gcc/arm-none-eabi/6.3.1/thumb/v7e-m/fpv4-sp/hard\libgcc.a(_aeabi_uldivmod.o)
 .ARM.attributes
                0x00000544       0x34 c:/mbdtoolbox/toolboxes/nxp_mbdtoolbox_s32k1xx/code/tools/gcc-6.3-arm32-eabi/bin/../lib/gcc/arm-none-eabi/6.3.1/thumb/v7e-m/fpv4-sp/hard\libgcc.a(_udivmoddi4.o)
 .ARM.attributes
                0x00000578       0x22 c:/mbdtoolbox/toolboxes/nxp_mbdtoolbox_s32k1xx/code/tools/gcc-6.3-arm32-eabi/bin/../lib/gcc/arm-none-eabi/6.3.1/thumb/v7e-m/fpv4-sp/hard\libgcc.a(_dvmd_tls.o)
 .ARM.attributes
                0x0000059a       0x34 C:/MBDToolbox/Toolboxes/NXP_MBDToolbox_S32K1xx/code/tools/gcc-6.3-arm32-eabi/arm-none-eabi/newlib/lib/thumb/v7e-m/fpv4-sp/hard\libc.a(lib_a-impure.o)
 .ARM.attributes
                0x000005ce       0x34 C:/MBDToolbox/Toolboxes/NXP_MBDToolbox_S32K1xx/code/tools/gcc-6.3-arm32-eabi/arm-none-eabi/newlib/lib/thumb/v7e-m/fpv4-sp/hard\libc.a(lib_a-memset.o)
 .ARM.attributes
                0x00000602       0x34 C:/MBDToolbox/Toolboxes/NXP_MBDToolbox_S32K1xx/code/tools/gcc-6.3-arm32-eabi/arm-none-eabi/newlib/lib/thumb/v7e-m/fpv4-sp/hard\libc.a(lib_a-__call_atexit.o)
 .ARM.attributes
                0x00000636       0x34 C:/MBDToolbox/Toolboxes/NXP_MBDToolbox_S32K1xx/code/tools/gcc-6.3-arm32-eabi/arm-none-eabi/newlib/lib/thumb/v7e-m/fpv4-sp/hard\libc.a(lib_a-fini.o)
 .ARM.attributes
                0x0000066a       0x34 C:/MBDToolbox/Toolboxes/NXP_MBDToolbox_S32K1xx/code/tools/gcc-6.3-arm32-eabi/arm-none-eabi/newlib/lib/thumb/v7e-m/fpv4-sp/hard\libc.a(lib_a-atexit.o)
 .ARM.attributes
                0x0000069e       0x34 C:/MBDToolbox/Toolboxes/NXP_MBDToolbox_S32K1xx/code/tools/gcc-6.3-arm32-eabi/arm-none-eabi/newlib/lib/thumb/v7e-m/fpv4-sp/hard\libc.a(lib_a-__atexit.o)
 .ARM.attributes
                0x000006d2       0x34 c:/mbdtoolbox/toolboxes/nxp_mbdtoolbox_s32k1xx/code/tools/gcc-6.3-arm32-eabi/bin/../lib/gcc/arm-none-eabi/6.3.1/thumb/v7e-m/fpv4-sp/hard/crtend.o
 .ARM.attributes
                0x00000706       0x22 c:/mbdtoolbox/toolboxes/nxp_mbdtoolbox_s32k1xx/code/tools/gcc-6.3-arm32-eabi/bin/../lib/gcc/arm-none-eabi/6.3.1/thumb/v7e-m/fpv4-sp/hard/crtn.o
                0x00000001                ASSERT ((__StackLimit >= __HeapLimit), region m_data_2 overflowed with stack and heap)
OUTPUT(two_virtual_wheel_autocode.elf elf32-littlearm)

.comment        0x00000000       0xa0
 .comment       0x00000000       0xa0 c:/mbdtoolbox/toolboxes/nxp_mbdtoolbox_s32k1xx/code/tools/gcc-6.3-arm32-eabi/bin/../lib/gcc/arm-none-eabi/6.3.1/thumb/v7e-m/fpv4-sp/hard/crtbegin.o
                                 0xa1 (size before relaxing)
 .comment       0x000000a0       0xa1 clock_S32K1xx.o
 .comment       0x000000a0       0xa1 clock_manager.o
 .comment       0x000000a0       0xa1 ftm0_pwm_params.o
 .comment       0x000000a0       0xa1 ftm3_pwm_params.o
 .comment       0x000000a0       0xa1 ftm_common.o
 .comment       0x000000a0       0xa1 ftm_hw_access.o
 .comment       0x000000a0       0xa1 ftm_ic_driver.o
 .comment       0x000000a0       0xa1 ftm_pwm_driver.o
 .comment       0x000000a0       0xa1 ftm_qd_driver.o
 .comment       0x000000a0       0xa1 interrupt_manager.o
 .comment       0x000000a0       0xa1 lpit_driver.o
 .comment       0x000000a0       0xa1 mbd_main.o
 .comment       0x000000a0       0xa1 pins_driver.o
 .comment       0x000000a0       0xa1 pins_port_hw_access.o
 .comment       0x000000a0       0xa1 power_manager.o
 .comment       0x000000a0       0xa1 power_manager_S32K1xx.o
 .comment       0x000000a0       0xa1 power_smc_hw_access.o
 .comment       0x000000a0       0xa1 s32k_clock_init.o
 .comment       0x000000a0       0xa1 startup.o
 .comment       0x000000a0       0xa1 system_S32K144.o
 .comment       0x000000a0       0xa1 two_virtual_wheel_autocode.o
 .comment       0x000000a0       0xa1 c:/mbdtoolbox/toolboxes/nxp_mbdtoolbox_s32k1xx/code/tools/gcc-6.3-arm32-eabi/bin/../lib/gcc/arm-none-eabi/6.3.1/thumb/v7e-m/fpv4-sp/hard/crtend.o

.debug_line     0x00000000     0x4aca
 .debug_line    0x00000000       0x61 startup_S32K144.o
 .debug_line    0x00000061      0xdc2 clock_S32K1xx.o
 .debug_line    0x00000e23      0x208 clock_manager.o
 .debug_line    0x0000102b      0x18a ftm0_pwm_params.o
 .debug_line    0x000011b5      0x18a ftm3_pwm_params.o
 .debug_line    0x0000133f      0x50b ftm_common.o
 .debug_line    0x0000184a      0x206 ftm_hw_access.o
 .debug_line    0x00001a50      0x49a ftm_ic_driver.o
 .debug_line    0x00001eea      0x674 ftm_pwm_driver.o
 .debug_line    0x0000255e      0x28a ftm_qd_driver.o
 .debug_line    0x000027e8      0x1ff interrupt_manager.o
 .debug_line    0x000029e7      0x3da lpit_driver.o
 .debug_line    0x00002dc1      0x3f4 mbd_main.o
 .debug_line    0x000031b5      0x2ee pins_driver.o
 .debug_line    0x000034a3      0x1ee pins_port_hw_access.o
 .debug_line    0x00003691      0x216 power_manager.o
 .debug_line    0x000038a7      0x48d power_manager_S32K1xx.o
 .debug_line    0x00003d34      0x251 power_smc_hw_access.o
 .debug_line    0x00003f85      0x21b s32k_clock_init.o
 .debug_line    0x000041a0      0x16f startup.o
 .debug_line    0x0000430f      0x18c system_S32K144.o
 .debug_line    0x0000449b      0x62f two_virtual_wheel_autocode.o

.debug_info     0x00000000    0x1c694
 .debug_info    0x00000000       0x26 startup_S32K144.o
 .debug_info    0x00000026     0x4ec3 clock_S32K1xx.o
 .debug_info    0x00004ee9     0x128d clock_manager.o
 .debug_info    0x00006176      0xccc ftm0_pwm_params.o
 .debug_info    0x00006e42      0xccc ftm3_pwm_params.o
 .debug_info    0x00007b0e     0x26de ftm_common.o
 .debug_info    0x0000a1ec      0x97b ftm_hw_access.o
 .debug_info    0x0000ab67     0x1c3f ftm_ic_driver.o
 .debug_info    0x0000c7a6     0x2672 ftm_pwm_driver.o
 .debug_info    0x0000ee18     0x1022 ftm_qd_driver.o
 .debug_info    0x0000fe3a      0x8a9 interrupt_manager.o
 .debug_info    0x000106e3     0x1a6c lpit_driver.o
 .debug_info    0x0001214f     0x20e0 mbd_main.o
 .debug_info    0x0001422f     0x13d3 pins_driver.o
 .debug_info    0x00015602      0x5bf pins_port_hw_access.o
 .debug_info    0x00015bc1      0x7ac power_manager.o
 .debug_info    0x0001636d     0x1423 power_manager_S32K1xx.o
 .debug_info    0x00017790      0xa87 power_smc_hw_access.o
 .debug_info    0x00018217     0x13c1 s32k_clock_init.o
 .debug_info    0x000195d8      0x29e startup.o
 .debug_info    0x00019876      0x521 system_S32K144.o
 .debug_info    0x00019d97     0x28fd two_virtual_wheel_autocode.o

.debug_abbrev   0x00000000     0x2e53
 .debug_abbrev  0x00000000       0x14 startup_S32K144.o
 .debug_abbrev  0x00000014      0x32b clock_S32K1xx.o
 .debug_abbrev  0x0000033f      0x199 clock_manager.o
 .debug_abbrev  0x000004d8      0x137 ftm0_pwm_params.o
 .debug_abbrev  0x0000060f      0x137 ftm3_pwm_params.o
 .debug_abbrev  0x00000746      0x2ee ftm_common.o
 .debug_abbrev  0x00000a34      0x1b5 ftm_hw_access.o
 .debug_abbrev  0x00000be9      0x317 ftm_ic_driver.o
 .debug_abbrev  0x00000f00      0x2d9 ftm_pwm_driver.o
 .debug_abbrev  0x000011d9      0x22d ftm_qd_driver.o
 .debug_abbrev  0x00001406      0x1b5 interrupt_manager.o
 .debug_abbrev  0x000015bb      0x34f lpit_driver.o
 .debug_abbrev  0x0000190a      0x2e5 mbd_main.o
 .debug_abbrev  0x00001bef      0x2b4 pins_driver.o
 .debug_abbrev  0x00001ea3      0x198 pins_port_hw_access.o
 .debug_abbrev  0x0000203b      0x1a5 power_manager.o
 .debug_abbrev  0x000021e0      0x35c power_manager_S32K1xx.o
 .debug_abbrev  0x0000253c      0x248 power_smc_hw_access.o
 .debug_abbrev  0x00002784      0x155 s32k_clock_init.o
 .debug_abbrev  0x000028d9       0xce startup.o
 .debug_abbrev  0x000029a7      0x13a system_S32K144.o
 .debug_abbrev  0x00002ae1      0x372 two_virtual_wheel_autocode.o

.debug_aranges  0x00000000      0x2b0
 .debug_aranges
                0x00000000       0x20 startup_S32K144.o
 .debug_aranges
                0x00000020       0x20 clock_S32K1xx.o
 .debug_aranges
                0x00000040       0x20 clock_manager.o
 .debug_aranges
                0x00000060       0x18 ftm0_pwm_params.o
 .debug_aranges
                0x00000078       0x18 ftm3_pwm_params.o
 .debug_aranges
                0x00000090       0x20 ftm_common.o
 .debug_aranges
                0x000000b0       0x20 ftm_hw_access.o
 .debug_aranges
                0x000000d0       0x20 ftm_ic_driver.o
 .debug_aranges
                0x000000f0       0x20 ftm_pwm_driver.o
 .debug_aranges
                0x00000110       0x20 ftm_qd_driver.o
 .debug_aranges
                0x00000130       0x20 interrupt_manager.o
 .debug_aranges
                0x00000150       0x20 lpit_driver.o
 .debug_aranges
                0x00000170       0x20 mbd_main.o
 .debug_aranges
                0x00000190       0x20 pins_driver.o
 .debug_aranges
                0x000001b0       0x20 pins_port_hw_access.o
 .debug_aranges
                0x000001d0       0x20 power_manager.o
 .debug_aranges
                0x000001f0       0x20 power_manager_S32K1xx.o
 .debug_aranges
                0x00000210       0x20 power_smc_hw_access.o
 .debug_aranges
                0x00000230       0x20 s32k_clock_init.o
 .debug_aranges
                0x00000250       0x20 startup.o
 .debug_aranges
                0x00000270       0x20 system_S32K144.o
 .debug_aranges
                0x00000290       0x20 two_virtual_wheel_autocode.o

.debug_str      0x00000000     0x8ef0
 .debug_str     0x00000000       0x58 startup_S32K144.o
 .debug_str     0x00000058     0x3445 clock_S32K1xx.o
                               0x3556 (size before relaxing)
 .debug_str     0x0000349d      0x34b clock_manager.o
                               0x1f59 (size before relaxing)
 .debug_str     0x000037e8     0x1035 ftm0_pwm_params.o
                               0x1272 (size before relaxing)
 .debug_str     0x0000481d       0x99 ftm3_pwm_params.o
                               0x1272 (size before relaxing)
 .debug_str     0x000048b6      0xaf5 ftm_common.o
                               0x2564 (size before relaxing)
 .debug_str     0x000053ab       0xa8 ftm_hw_access.o
                                0xce4 (size before relaxing)
 .debug_str     0x00005453      0x6ca ftm_ic_driver.o
                               0x1b87 (size before relaxing)
 .debug_str     0x00005b1d      0x44d ftm_pwm_driver.o
                               0x1eed (size before relaxing)
 .debug_str     0x00005f6a      0x2ac ftm_qd_driver.o
                               0x172d (size before relaxing)
 .debug_str     0x00006216      0x21e interrupt_manager.o
                                0x9f6 (size before relaxing)
 .debug_str     0x00006434      0x7b8 lpit_driver.o
                               0x1c35 (size before relaxing)
 .debug_str     0x00006bec      0x8a0 mbd_main.o
                               0x2301 (size before relaxing)
 .debug_str     0x0000748c      0x8f2 pins_driver.o
                               0x1383 (size before relaxing)
 .debug_str     0x00007d7e       0x6c pins_port_hw_access.o
                                0x69e (size before relaxing)
 .debug_str     0x00007dea      0x497 power_manager.o
                                0xf5a (size before relaxing)
 .debug_str     0x00008281      0x47f power_manager_S32K1xx.o
                               0x1838 (size before relaxing)
 .debug_str     0x00008700      0x18c power_smc_hw_access.o
                                0xe8b (size before relaxing)
 .debug_str     0x0000888c       0xc6 s32k_clock_init.o
                               0x2161 (size before relaxing)
 .debug_str     0x00008952      0x1e7 startup.o
                                0x3b8 (size before relaxing)
 .debug_str     0x00008b39       0x8f system_S32K144.o
                                0x3b9 (size before relaxing)
 .debug_str     0x00008bc8      0x328 two_virtual_wheel_autocode.o
                               0x27c8 (size before relaxing)

.debug_loc      0x00000000     0xace8
 .debug_loc     0x00000000     0x41ca clock_S32K1xx.o
 .debug_loc     0x000041ca      0x14e clock_manager.o
 .debug_loc     0x00004318     0x12dc ftm_common.o
 .debug_loc     0x000055f4      0x114 ftm_hw_access.o
 .debug_loc     0x00005708      0xe0c ftm_ic_driver.o
 .debug_loc     0x00006514     0x16b4 ftm_pwm_driver.o
 .debug_loc     0x00007bc8      0x308 ftm_qd_driver.o
 .debug_loc     0x00007ed0      0x1d3 interrupt_manager.o
 .debug_loc     0x000080a3      0xb80 lpit_driver.o
 .debug_loc     0x00008c23      0x19d mbd_main.o
 .debug_loc     0x00008dc0      0x55c pins_driver.o
 .debug_loc     0x0000931c      0x1cd pins_port_hw_access.o
 .debug_loc     0x000094e9      0x309 power_manager.o
 .debug_loc     0x000097f2      0x649 power_manager_S32K1xx.o
 .debug_loc     0x00009e3b      0x3ac power_smc_hw_access.o
 .debug_loc     0x0000a1e7       0x20 s32k_clock_init.o
 .debug_loc     0x0000a207       0xec startup.o
 .debug_loc     0x0000a2f3       0xeb system_S32K144.o
 .debug_loc     0x0000a3de      0x90a two_virtual_wheel_autocode.o

.debug_ranges   0x00000000      0x8e0
 .debug_ranges  0x00000000      0x278 clock_S32K1xx.o
 .debug_ranges  0x00000278       0x78 ftm_common.o
 .debug_ranges  0x000002f0       0xc0 ftm_ic_driver.o
 .debug_ranges  0x000003b0      0x2d0 ftm_pwm_driver.o
 .debug_ranges  0x00000680       0x78 ftm_qd_driver.o
 .debug_ranges  0x000006f8       0x38 interrupt_manager.o
 .debug_ranges  0x00000730       0x48 lpit_driver.o
 .debug_ranges  0x00000778       0x20 power_manager.o
 .debug_ranges  0x00000798      0x130 power_manager_S32K1xx.o
 .debug_ranges  0x000008c8       0x18 power_smc_hw_access.o

.debug_frame    0x00000000     0x1378
 .debug_frame   0x00000000      0x318 clock_S32K1xx.o
 .debug_frame   0x00000318       0x74 clock_manager.o
 .debug_frame   0x0000038c      0x1b4 ftm_common.o
 .debug_frame   0x00000540       0x5c ftm_hw_access.o
 .debug_frame   0x0000059c      0x254 ftm_ic_driver.o
 .debug_frame   0x000007f0       0xd0 ftm_pwm_driver.o
 .debug_frame   0x000008c0       0x58 ftm_qd_driver.o
 .debug_frame   0x00000918       0xd8 interrupt_manager.o
 .debug_frame   0x000009f0      0x180 lpit_driver.o
 .debug_frame   0x00000b70       0xb0 mbd_main.o
 .debug_frame   0x00000c20      0x1dc pins_driver.o
 .debug_frame   0x00000dfc       0x70 pins_port_hw_access.o
 .debug_frame   0x00000e6c       0xd0 power_manager.o
 .debug_frame   0x00000f3c       0xe4 power_manager_S32K1xx.o
 .debug_frame   0x00001020       0x6c power_smc_hw_access.o
 .debug_frame   0x0000108c       0x44 s32k_clock_init.o
 .debug_frame   0x000010d0       0x2c startup.o
 .debug_frame   0x000010fc       0x40 system_S32K144.o
 .debug_frame   0x0000113c       0xe8 two_virtual_wheel_autocode.o
 .debug_frame   0x00001224       0x2c c:/mbdtoolbox/toolboxes/nxp_mbdtoolbox_s32k1xx/code/tools/gcc-6.3-arm32-eabi/bin/../lib/gcc/arm-none-eabi/6.3.1/thumb/v7e-m/fpv4-sp/hard\libgcc.a(_aeabi_uldivmod.o)
 .debug_frame   0x00001250       0x34 c:/mbdtoolbox/toolboxes/nxp_mbdtoolbox_s32k1xx/code/tools/gcc-6.3-arm32-eabi/bin/../lib/gcc/arm-none-eabi/6.3.1/thumb/v7e-m/fpv4-sp/hard\libgcc.a(_udivmoddi4.o)
 .debug_frame   0x00001284       0x20 C:/MBDToolbox/Toolboxes/NXP_MBDToolbox_S32K1xx/code/tools/gcc-6.3-arm32-eabi/arm-none-eabi/newlib/lib/thumb/v7e-m/fpv4-sp/hard\libc.a(lib_a-memset.o)
 .debug_frame   0x000012a4       0x4c C:/MBDToolbox/Toolboxes/NXP_MBDToolbox_S32K1xx/code/tools/gcc-6.3-arm32-eabi/arm-none-eabi/newlib/lib/thumb/v7e-m/fpv4-sp/hard\libc.a(lib_a-__call_atexit.o)
 .debug_frame   0x000012f0       0x38 C:/MBDToolbox/Toolboxes/NXP_MBDToolbox_S32K1xx/code/tools/gcc-6.3-arm32-eabi/arm-none-eabi/newlib/lib/thumb/v7e-m/fpv4-sp/hard\libc.a(lib_a-fini.o)
 .debug_frame   0x00001328       0x20 C:/MBDToolbox/Toolboxes/NXP_MBDToolbox_S32K1xx/code/tools/gcc-6.3-arm32-eabi/arm-none-eabi/newlib/lib/thumb/v7e-m/fpv4-sp/hard\libc.a(lib_a-atexit.o)
 .debug_frame   0x00001348       0x30 C:/MBDToolbox/Toolboxes/NXP_MBDToolbox_S32K1xx/code/tools/gcc-6.3-arm32-eabi/arm-none-eabi/newlib/lib/thumb/v7e-m/fpv4-sp/hard\libc.a(lib_a-__atexit.o)
